Launching lib\main.dart on SM A155F in debug mode...
Running Gradle task 'assembleDebug'...                          
flutter : ERROR: C:\Dev\sabi_wallet\build\path_provider_android\intermediates\runtime_libra
ry_classes_dir\debug\bundleLibRuntimeToDirDebug\io\flutter\plugins\pathprovider\Messages.cl
ass: D8: Compilation of classes io.flutter.plugins.pathprovider.Messages, 
io.flutter.plugins.pathprovider.Messages$PathProviderApi requires its nest mates 
io.flutter.plugins.pathprovider.Messages$PigeonCodec, 
io.flutter.plugins.pathprovider.Messages$StorageDirectory, 
io.flutter.plugins.pathprovider.Messages$FlutterError (unavailable) to be on program or 
class path.
At line:1 char:1
+ flutter run -d RF8WC0B7HEL 2>&1 | tee build_output.log
+ ~~~~~~~~~~~~~~~~~~~~~~~~~~~~~~~
    + CategoryInfo          : NotSpecified: (ERROR: C:\Dev\s... or class path.:String) [], 
    RemoteException
    + FullyQualifiedErrorId : NativeCommandError
 

FAILURE: Build failed with an exception.

* What went wrong:
Execution failed for task ':app:mergeLibDexDebug'.
> Could not resolve all files for configuration ':app:debugRuntimeClasspath'.
   > Failed to transform bundleLibRuntimeToDirDebug (project :path_provider_android) to 
match attributes {artifactType=android-dex, 
com.android.build.api.attributes.AgpVersionAttr=8.7.0, 
com.android.build.api.attributes.BuildTypeAttr=debug, 
com.android.build.gradle.internal.attributes.VariantAttr=debug, 
dexing-component-attributes=ComponentSpecificParameters(minSdkVersion=24, debuggable=true, 
enableCoreLibraryDesugaring=false, enableGlobalSynthetics=false, enableApiModeling=false, 
dependenciesClassesAreInstrumented=false, asmTransformComponent=null, 
useJacocoTransformInstrumentation=false, enableDesugaring=true, needsClasspath=false, 
useFullClasspath=false, componentIfUsingFullClasspath=null), 
org.gradle.libraryelements=classes, org.gradle.usage=java-runtime}.
      > Execution failed for DexingNoClasspathTransform: C:\Dev\sabi_wallet\build\path_prov
ider_android\intermediates\runtime_library_classes_dir\debug\bundleLibRuntimeToDirDebug.
         > Error while dexing.

* Try:
> Run with --stacktrace option to get the stack trace.
> Run with --info or --debug option to get more log output.
> Run with --scan to get full insights.
> Get more help at https://help.gradle.org.

BUILD FAILED in 3m 6s
Running Gradle task 'assembleDebug'...                            191.9s
Error: Gradle task assembleDebug failed with exit code 1
